Reusing configuration cache.
> Task :designsystem:preBuild UP-TO-DATE
> Task :designsystem:convertXmlValueResourcesForAndroidMain NO-SOURCE
> Task :designsystem:convertXmlValueResourcesForCommonMain NO-SOURCE
> Task :designsystem:convertXmlValueResourcesForAndroidDebug NO-SOURCE
> Task :composeApp:generateComposeResClass UP-TO-DATE
> Task :composeApp:kmpPartiallyResolvedDependenciesChecker
> Task :designsystem:copyNonXmlValueResourcesForAndroidMain NO-SOURCE
> Task :designsystem:copyNonXmlValueResourcesForCommonMain NO-SOURCE
> Task :composeApp:checkKotlinGradlePluginConfigurationErrors SKIPPED
> Task :designsystem:copyNonXmlValueResourcesForAndroidDebug NO-SOURCE
> Task :designsystem:kmpPartiallyResolvedDependenciesChecker
> Task :designsystem:preDebugBuild UP-TO-DATE
> Task :composeApp:generateExpectResourceCollectorsForCommonMain UP-TO-DATE
> Task :designsystem:generateComposeResClass UP-TO-DATE
> Task :designsystem:generateExpectResourceCollectorsForCommonMain UP-TO-DATE
> Task :composeApp:processDebugGoogleServices UP-TO-DATE
> Task :designsystem:checkKotlinGradlePluginConfigurationErrors SKIPPED
> Task :designsystem:writeDebugAarMetadata UP-TO-DATE
> Task :designsystem:generateDebugResValues UP-TO-DATE
> Task :composeApp:convertXmlValueResourcesForCommonMain UP-TO-DATE
> Task :designsystem:javaPreCompileDebug UP-TO-DATE
> Task :designsystem:processDebugNavigationResources UP-TO-DATE
> Task :composeApp:convertXmlValueResourcesForAndroidDebug NO-SOURCE
> Task :composeApp:copyNonXmlValueResourcesForAndroidMain NO-SOURCE
> Task :composeApp:collectExternalDebugDependenciesForSentry UP-TO-DATE
> Task :designsystem:prepareComposeResourcesTaskForAndroidMain NO-SOURCE
> Task :designsystem:generateDebugResources UP-TO-DATE
> Task :designsystem:extractDeepLinksDebug UP-TO-DATE
> Task :designsystem:mergeDebugShaders UP-TO-DATE
> Task :designsystem:processDebugManifest UP-TO-DATE
> Task :designsystem:mergeDebugJniLibFolders UP-TO-DATE
> Task :designsystem:extractDeepLinksForAarDebug UP-TO-DATE
> Task :designsystem:prepareComposeResourcesTaskForCommonMain NO-SOURCE
> Task :composeApp:debugAssetsCopyForAGP NO-SOURCE
> Task :designsystem:prepareComposeResourcesTaskForAndroidDebug NO-SOURCE
> Task :composeApp:copyNonXmlValueResourcesForCommonMain NO-SOURCE
> Task :composeApp:convertXmlValueResourcesForAndroidMain NO-SOURCE
> Task :composeApp:copyNonXmlValueResourcesForAndroidDebug NO-SOURCE
> Task :designsystem:debugAssetsCopyForAGP NO-SOURCE
> Task :designsystem:generateResourceAccessorsForAndroidMain NO-SOURCE
> Task :designsystem:generateResourceAccessorsForCommonMain NO-SOURCE
> Task :designsystem:prepareDebugArtProfile UP-TO-DATE
> Task :designsystem:prepareLintJarForPublish UP-TO-DATE
> Task :designsystem:compileDebugShaders NO-SOURCE
> Task :designsystem:mergeDebugNativeLibs NO-SOURCE
> Task :designsystem:generateActualResourceCollectorsForAndroidMain UP-TO-DATE
> Task :designsystem:generateResourceAccessorsForAndroidDebug NO-SOURCE
> Task :composeApp:prepareComposeResourcesTaskForAndroidDebug NO-SOURCE
> Task :designsystem:copyDebugComposeResourcesToAndroidAssets UP-TO-DATE
> Task :composeApp:prepareComposeResourcesTaskForAndroidMain NO-SOURCE
> Task :designsystem:stripDebugDebugSymbols NO-SOURCE
> Task :composeApp:generateResourceAccessorsForAndroidDebug NO-SOURCE
> Task :composeApp:generateResourceAccessorsForAndroidMain NO-SOURCE
> Task :designsystem:generateDebugAssets UP-TO-DATE
> Task :designsystem:copyDebugJniLibsProjectOnly UP-TO-DATE
> Task :designsystem:copyDebugJniLibsProjectAndLocalJars UP-TO-DATE
> Task :composeApp:prepareComposeResourcesTaskForCommonMain UP-TO-DATE
> Task :composeApp:generateResourceAccessorsForCommonMain UP-TO-DATE
> Task :designsystem:checkDebugAarMetadata UP-TO-DATE
> Task :designsystem:mergeDebugAssets UP-TO-DATE
> Task :composeApp:generateActualResourceCollectorsForAndroidMain UP-TO-DATE
> Task :designsystem:packageDebugResources UP-TO-DATE
> Task :composeApp:copyDebugComposeResourcesToAndroidAssets UP-TO-DATE
> Task :designsystem:compileDebugLibraryResources UP-TO-DATE
> Task :designsystem:parseDebugLocalResources UP-TO-DATE
> Task :designsystem:generateDebugRFile UP-TO-DATE
> Task :designsystem:compileDebugKotlinAndroid UP-TO-DATE
> Task :designsystem:compileDebugJavaWithJavac NO-SOURCE
> Task :designsystem:bundleLibCompileToJarDebug UP-TO-DATE
> Task :designsystem:bundleLibRuntimeToDirDebug UP-TO-DATE
> Task :designsystem:mergeDebugGeneratedProguardFiles UP-TO-DATE
> Task :designsystem:processDebugJavaRes UP-TO-DATE
> Task :designsystem:mergeDebugConsumerProguardFiles UP-TO-DATE
> Task :designsystem:extractDebugAnnotations UP-TO-DATE
> Task :designsystem:mergeDebugJavaResource UP-TO-DATE
> Task :designsystem:syncDebugLibJars UP-TO-DATE
> Task :designsystem:bundleDebugAar UP-TO-DATE
> Task :designsystem:assembleDebug UP-TO-DATE

> Task :composeApp:locoDownload
Actualizado: values-fr-rFR -> values-fr-rFR/strings.xml
Actualizado: values-es-rBO -> values-es-rBO/strings.xml
Actualizado: values -> values/strings.xml

> Task :composeApp:preBuild
> Task :composeApp:preDebugBuild
> Task :composeApp:createDebugCompatibleScreenManifests UP-TO-DATE
> Task :composeApp:javaPreCompileDebug UP-TO-DATE
> Task :composeApp:generateDebugResValues UP-TO-DATE
> Task :composeApp:mergeDebugShaders UP-TO-DATE
> Task :composeApp:mergeDebugNativeDebugMetadata NO-SOURCE
> Task :composeApp:desugarDebugFileDependencies UP-TO-DATE
> Task :composeApp:generateDebugBuildConfig UP-TO-DATE
> Task :composeApp:mergeDebugJniLibFolders UP-TO-DATE
> Task :composeApp:writeDebugSigningConfigVersions UP-TO-DATE
> Task :composeApp:validateSigningDebug UP-TO-DATE
> Task :composeApp:writeDebugAppMetadata UP-TO-DATE
> Task :composeApp:compileDebugShaders NO-SOURCE
> Task :composeApp:generateDebugResources UP-TO-DATE
> Task :composeApp:generateDebugAssets UP-TO-DATE
> Task :composeApp:extractDeepLinksDebug UP-TO-DATE
> Task :composeApp:packageDebugResources UP-TO-DATE
> Task :composeApp:processDebugNavigationResources UP-TO-DATE
> Task :composeApp:compileDebugNavigationResources UP-TO-DATE
> Task :composeApp:parseDebugLocalResources UP-TO-DATE
> Task :composeApp:checkDebugAarMetadata UP-TO-DATE
> Task :composeApp:mergeDebugNativeLibs UP-TO-DATE
> Task :composeApp:mergeDebugAssets UP-TO-DATE
> Task :composeApp:mapDebugSourceSetPaths UP-TO-DATE
> Task :composeApp:mergeDebugResources UP-TO-DATE
> Task :composeApp:stripDebugDebugSymbols UP-TO-DATE
> Task :composeApp:checkDebugDuplicateClasses UP-TO-DATE
> Task :composeApp:mergeLibDexDebug UP-TO-DATE
> Task :composeApp:processDebugMainManifest UP-TO-DATE
> Task :composeApp:processDebugManifest UP-TO-DATE
> Task :composeApp:processDebugManifestForPackage UP-TO-DATE
> Task :composeApp:mergeExtDexDebug UP-TO-DATE
> Task :composeApp:processDebugResources UP-TO-DATE

> Task :composeApp:kspDebugKotlinAndroid FAILED
e: [ksp] /home/beto/Documents/UCB/9noSemestre/prograMoviles/proyectoFinal/proyectoFinalPrograMovil/composeApp/src/commonMain/kotlin/com/ucb/proyectofinal/lists/data/dao/ContentListDao.kt:7: [MissingType]: Element 'com.ucb.proyectofinal.lists.data.dao.ContentListDao' references a type that is not present
e: [ksp] /home/beto/Documents/UCB/9noSemestre/prograMoviles/proyectoFinal/proyectoFinalPrograMovil/composeApp/src/commonMain/kotlin/com/ucb/proyectofinal/lists/data/dao/ContentItemDao.kt:7: [MissingType]: Element 'com.ucb.proyectofinal.lists.data.dao.ContentItemDao' references a type that is not present
e: [ksp] /home/beto/Documents/UCB/9noSemestre/prograMoviles/proyectoFinal/proyectoFinalPrograMovil/composeApp/src/commonMain/kotlin/com/ucb/proyectofinal/auth/data/dao/UserDao.kt:9: [MissingType]: Element 'com.ucb.proyectofinal.auth.data.dao.UserDao' references a type that is not present
e: [ksp] androidx.room.RoomKspProcessor was unable to process 'com.ucb.proyectofinal.core.data.db.AppDatabase' because not all of its dependencies could be resolved. Check for compilation errors or a circular dependency with generated code.

> Task :composeApp:copyRoomSchemas NO-SOURCE

FAILURE: Build failed with an exception.

* What went wrong:
Execution failed for task ':composeApp:kspDebugKotlinAndroid'.
> A failure occurred while executing com.google.devtools.ksp.gradle.KspAAWorkerAction
   > KSP failed with exit code: PROCESSING_ERROR

* Try:
> Run with --stacktrace option to get the stack trace.
> Run with --info or --debug option to get more log output.
> Run with --scan to generate a Build Scan (Powered by Develocity).
> Get more help at https://help.gradle.org.

BUILD FAILED in 2s
76 actionable tasks: 4 executed, 72 up-to-date
Configuration cache entry reused.
